// Jest Snapshot v1, https://goo.gl/fbAQLP

exports[`renders a message 1`] = `
<div>
  <section
    class="sc-bdnxRM kJVQJa"
  >
    <h1
      class="sc-dlnjwi jSyQet"
    >
      Your one stop solution to grievance management
    </h1>
    <p
      class="sc-hKFxyN jfUDGT"
    >
      File your grievances and get a hasslefree resolution.
    </p>
    <div
      class="sc-eCApnc auMrY"
    >
      <p
        class="sc-jSFjdj dsYdNj"
      >
        To file yor grievances:
      </p>
      <button
        class="sc-gKAaRy eSYxAh"
        type="button"
      >
        Login/Sign up with Phone Number
      </button>
    </div>
  </section>
  <section
    class="sc-gtsrHT wIbLF"
  >
    <h1
      class="sc-dlnjwi jSyQet"
    >
      Live Tracker
    </h1>
    <p
      class="sc-hKFxyN jfUDGT"
    >
      Find an optimized tracker for all issues of past :
    </p>
    <div
      class="sc-iCoGMd gA-dDgB"
    >
      <div
        class="sc-fujyAs fHvEao"
      >
        <div
          class="sc-pNWdM"
        >
          <h3
            class="sc-jrsJWt hMHKUZ"
          >
            5,897
          </h3>
          <p
            class="sc-kEqXSa klKWZZ"
          >
            Complaint Filed
          </p>
        </div>
        <div
          class="recharts-wrapper"
          style="position: relative; cursor: default; width: 324.26666666666665px; height: 324.26666666666665px;"
        >
          <svg
            class="recharts-surface"
            height="324.26666666666665"
            version="1.1"
            viewBox="0 0 324.26666666666665 324.26666666666665"
            width="324.26666666666665"
          >
            <defs>
              <clippath
                id="recharts1-clip"
              >
                <rect
                  height="284.26666666666665"
                  width="284.26666666666665"
                  x="35"
                  y="5"
                />
              </clippath>
            </defs>
            <g
              class="recharts-layer recharts-line"
            >
              <path
                class="recharts-curve recharts-line-curve"
                d="M35,147.13333333333333C58.68888888888888,182.66666666666666,82.37777777777778,218.2,106.06666666666666,218.2C129.75555555555556,218.2,153.44444444444443,40.53333333333333,177.13333333333333,40.53333333333333C200.82222222222222,40.53333333333333,224.5111111111111,257.28666666666663,248.2,257.28666666666663C271.88888888888886,257.28666666666663,295.5777777777778,131.14333333333332,319.26666666666665,5"
                fill="none"
                height="284.26666666666665"
                points="[object Object],[object Object],[object Object],[object Object],[object Object]"
                stroke="#8884d8"
                stroke-dasharray="0px 0px"
                stroke-width="1"
                type="monotone"
                width="284.26666666666665"
              />
            </g>
            <g
              class="recharts-layer recharts-cartesian-axis recharts-xAxis xAxis"
            >
              <line
                class="recharts-cartesian-axis-line"
                fill="none"
                height="30"
                orientation="bottom"
                stroke="#666"
                type="category"
                width="284.26666666666665"
                x="35"
                x1="35"
                x2="319.26666666666665"
                y="289.26666666666665"
                y1="289.26666666666665"
                y2="289.26666666666665"
              />
              <g
                class="recharts-cartesian-axis-ticks"
              >
                <g
                  class="recharts-layer recharts-cartesian-axis-tick"
                >
                  <line
                    class="recharts-cartesian-axis-tick-line"
                    fill="none"
                    height="30"
                    orientation="bottom"
                    stroke="#666"
                    type="category"
                    width="284.26666666666665"
                    x="35"
                    x1="35"
                    x2="35"
                    y="289.26666666666665"
                    y1="295.26666666666665"
                    y2="289.26666666666665"
                  />
                  <text
                    class="recharts-text recharts-cartesian-axis-tick-value"
                    fill="#666"
                    height="30"
                    orientation="bottom"
                    stroke="none"
                    text-anchor="middle"
                    type="category"
                    width="284.26666666666665"
                    x="35"
                    y="297.26666666666665"
                  >
                    <tspan
                      dy="0.71em"
                      x="35"
                    >
                      Jun 21
                    </tspan>
                  </text>
                </g>
                <g
                  class="recharts-layer recharts-cartesian-axis-tick"
                >
                  <line
                    class="recharts-cartesian-axis-tick-line"
                    fill="none"
                    height="30"
                    orientation="bottom"
                    stroke="#666"
                    type="category"
                    width="284.26666666666665"
                    x="35"
                    x1="106.06666666666666"
                    x2="106.06666666666666"
                    y="289.26666666666665"
                    y1="295.26666666666665"
                    y2="289.26666666666665"
                  />
                  <text
                    class="recharts-text recharts-cartesian-axis-tick-value"
                    fill="#666"
                    height="30"
                    orientation="bottom"
                    stroke="none"
                    text-anchor="middle"
                    type="category"
                    width="284.26666666666665"
                    x="106.06666666666666"
                    y="297.26666666666665"
                  >
                    <tspan
                      dy="0.71em"
                      x="106.06666666666666"
                    >
                      Jul 21
                    </tspan>
                  </text>
                </g>
                <g
                  class="recharts-layer recharts-cartesian-axis-tick"
                >
                  <line
                    class="recharts-cartesian-axis-tick-line"
                    fill="none"
                    height="30"
                    orientation="bottom"
                    stroke="#666"
                    type="category"
                    width="284.26666666666665"
                    x="35"
                    x1="177.13333333333333"
                    x2="177.13333333333333"
                    y="289.26666666666665"
                    y1="295.26666666666665"
                    y2="289.26666666666665"
                  />
                  <text
                    class="recharts-text recharts-cartesian-axis-tick-value"
                    fill="#666"
                    height="30"
                    orientation="bottom"
                    stroke="none"
                    text-anchor="middle"
                    type="category"
                    width="284.26666666666665"
                    x="177.13333333333333"
                    y="297.26666666666665"
                  >
                    <tspan
                      dy="0.71em"
                      x="177.13333333333333"
                    >
                      Aug 21
                    </tspan>
                  </text>
                </g>
                <g
                  class="recharts-layer recharts-cartesian-axis-tick"
                >
                  <line
                    class="recharts-cartesian-axis-tick-line"
                    fill="none"
                    height="30"
                    orientation="bottom"
                    stroke="#666"
                    type="category"
                    width="284.26666666666665"
                    x="35"
                    x1="248.2"
                    x2="248.2"
                    y="289.26666666666665"
                    y1="295.26666666666665"
                    y2="289.26666666666665"
                  />
                  <text
                    class="recharts-text recharts-cartesian-axis-tick-value"
                    fill="#666"
                    height="30"
                    orientation="bottom"
                    stroke="none"
                    text-anchor="middle"
                    type="category"
                    width="284.26666666666665"
                    x="248.2"
                    y="297.26666666666665"
                  >
                    <tspan
                      dy="0.71em"
                      x="248.2"
                    >
                      Sept 21
                    </tspan>
                  </text>
                </g>
                <g
                  class="recharts-layer recharts-cartesian-axis-tick"
                >
                  <line
                    class="recharts-cartesian-axis-tick-line"
                    fill="none"
                    height="30"
                    orientation="bottom"
                    stroke="#666"
                    type="category"
                    width="284.26666666666665"
                    x="35"
                    x1="319.26666666666665"
                    x2="319.26666666666665"
                    y="289.26666666666665"
                    y1="295.26666666666665"
                    y2="289.26666666666665"
                  />
                  <text
                    class="recharts-text recharts-cartesian-axis-tick-value"
                    fill="#666"
                    height="30"
                    orientation="bottom"
                    stroke="none"
                    text-anchor="middle"
                    type="category"
                    width="284.26666666666665"
                    x="319.26666666666665"
                    y="297.26666666666665"
                  >
                    <tspan
                      dy="0.71em"
                      x="319.26666666666665"
                    >
                      Oct 21
                    </tspan>
                  </text>
                </g>
              </g>
            </g>
            <g
              class="recharts-layer recharts-cartesian-axis recharts-yAxis yAxis"
            >
              <line
                class="recharts-cartesian-axis-line"
                fill="none"
                height="284.26666666666665"
                orientation="left"
                stroke="#666"
                type="number"
                width="30"
                x="5"
                x1="35"
                x2="35"
                y="5"
                y1="5"
                y2="289.26666666666665"
              />
              <g
                class="recharts-cartesian-axis-ticks"
              >
                <g
                  class="recharts-layer recharts-cartesian-axis-tick"
                >
                  <line
                    class="recharts-cartesian-axis-tick-line"
                    fill="none"
                    height="284.26666666666665"
                    orientation="left"
                    stroke="#666"
                    type="number"
                    width="30"
                    x="5"
                    x1="29"
                    x2="35"
                    y="5"
                    y1="289.26666666666665"
                    y2="289.26666666666665"
                  />
                  <text
                    class="recharts-text recharts-cartesian-axis-tick-value"
                    fill="#666"
                    height="284.26666666666665"
                    orientation="left"
                    stroke="none"
                    text-anchor="end"
                    type="number"
                    width="30"
                    x="27"
                    y="289.26666666666665"
                  >
                    <tspan
                      dy="0.355em"
                      x="27"
                    >
                      0
                    </tspan>
                  </text>
                </g>
                <g
                  class="recharts-layer recharts-cartesian-axis-tick"
                >
                  <line
                    class="recharts-cartesian-axis-tick-line"
                    fill="none"
                    height="284.26666666666665"
                    orientation="left"
                    stroke="#666"
                    type="number"
                    width="30"
                    x="5"
                    x1="29"
                    x2="35"
                    y="5"
                    y1="218.2"
                    y2="218.2"
                  />
                  <text
                    class="recharts-text recharts-cartesian-axis-tick-value"
                    fill="#666"
                    height="284.26666666666665"
                    orientation="left"
                    stroke="none"
                    text-anchor="end"
                    type="number"
                    width="30"
                    x="27"
                    y="218.2"
                  >
                    <tspan
                      dy="0.355em"
                      x="27"
                    >
                      200
                    </tspan>
                  </text>
                </g>
                <g
                  class="recharts-layer recharts-cartesian-axis-tick"
                >
                  <line
                    class="recharts-cartesian-axis-tick-line"
                    fill="none"
                    height="284.26666666666665"
                    orientation="left"
                    stroke="#666"
                    type="number"
                    width="30"
                    x="5"
                    x1="29"
                    x2="35"
                    y="5"
                    y1="147.13333333333333"
                    y2="147.13333333333333"
                  />
                  <text
                    class="recharts-text recharts-cartesian-axis-tick-value"
                    fill="#666"
                    height="284.26666666666665"
                    orientation="left"
                    stroke="none"
                    text-anchor="end"
                    type="number"
                    width="30"
                    x="27"
                    y="147.13333333333333"
                  >
                    <tspan
                      dy="0.355em"
                      x="27"
                    >
                      400
                    </tspan>
                  </text>
                </g>
                <g
                  class="recharts-layer recharts-cartesian-axis-tick"
                >
                  <line
                    class="recharts-cartesian-axis-tick-line"
                    fill="none"
                    height="284.26666666666665"
                    orientation="left"
                    stroke="#666"
                    type="number"
                    width="30"
                    x="5"
                    x1="29"
                    x2="35"
                    y="5"
                    y1="76.06666666666666"
                    y2="76.06666666666666"
                  />
                  <text
                    class="recharts-text recharts-cartesian-axis-tick-value"
                    fill="#666"
                    height="284.26666666666665"
                    orientation="left"
                    stroke="none"
                    text-anchor="end"
                    type="number"
                    width="30"
                    x="27"
                    y="76.06666666666666"
                  >
                    <tspan
                      dy="0.355em"
                      x="27"
                    >
                      600
                    </tspan>
                  </text>
                </g>
                <g
                  class="recharts-layer recharts-cartesian-axis-tick"
                >
                  <line
                    class="recharts-cartesian-axis-tick-line"
                    fill="none"
                    height="284.26666666666665"
                    orientation="left"
                    stroke="#666"
                    type="number"
                    width="30"
                    x="5"
                    x1="29"
                    x2="35"
                    y="5"
                    y1="5"
                    y2="5"
                  />
                  <text
                    class="recharts-text recharts-cartesian-axis-tick-value"
                    fill="#666"
                    height="284.26666666666665"
                    orientation="left"
                    stroke="none"
                    text-anchor="end"
                    type="number"
                    width="30"
                    x="27"
                    y="5"
                  >
                    <tspan
                      dy="0.355em"
                      x="27"
                    >
                      800
                    </tspan>
                  </text>
                </g>
              </g>
            </g>
          </svg>
        </div>
        <p
          class="sc-iqAclL RzGxf"
        >
          With 5000+ issues logged so far, we aim to help help 100000+ citizen by the end of this year.
        </p>
      </div>
      <div
        class="sc-fujyAs fHvEao"
      >
        <div
          class="sc-pNWdM"
        >
          <h3
            class="sc-jrsJWt hMHKUZ"
          >
            5,897
          </h3>
          <p
            class="sc-kEqXSa klKWZZ"
          >
            Complaint Filed
          </p>
        </div>
        <div
          class="recharts-wrapper"
          style="position: relative; cursor: default; width: 324.26666666666665px; height: 324.26666666666665px;"
        >
          <svg
            class="recharts-surface"
            height="324.26666666666665"
            version="1.1"
            viewBox="0 0 324.26666666666665 324.26666666666665"
            width="324.26666666666665"
          >
            <defs>
              <clippath
                id="recharts4-clip"
              >
                <rect
                  height="284.26666666666665"
                  width="284.26666666666665"
                  x="35"
                  y="5"
                />
              </clippath>
            </defs>
            <g
              class="recharts-layer recharts-line"
            >
              <path
                class="recharts-curve recharts-line-curve"
                d="M35,147.13333333333333C58.68888888888888,182.66666666666666,82.37777777777778,218.2,106.06666666666666,218.2C129.75555555555556,218.2,153.44444444444443,40.53333333333333,177.13333333333333,40.53333333333333C200.82222222222222,40.53333333333333,224.5111111111111,257.28666666666663,248.2,257.28666666666663C271.88888888888886,257.28666666666663,295.5777777777778,131.14333333333332,319.26666666666665,5"
                fill="none"
                height="284.26666666666665"
                points="[object Object],[object Object],[object Object],[object Object],[object Object]"
                stroke="#8884d8"
                stroke-dasharray="0px 0px"
                stroke-width="1"
                type="monotone"
                width="284.26666666666665"
              />
            </g>
            <g
              class="recharts-layer recharts-cartesian-axis recharts-xAxis xAxis"
            >
              <line
                class="recharts-cartesian-axis-line"
                fill="none"
                height="30"
                orientation="bottom"
                stroke="#666"
                type="category"
                width="284.26666666666665"
                x="35"
                x1="35"
                x2="319.26666666666665"
                y="289.26666666666665"
                y1="289.26666666666665"
                y2="289.26666666666665"
              />
              <g
                class="recharts-cartesian-axis-ticks"
              >
                <g
                  class="recharts-layer recharts-cartesian-axis-tick"
                >
                  <line
                    class="recharts-cartesian-axis-tick-line"
                    fill="none"
                    height="30"
                    orientation="bottom"
                    stroke="#666"
                    type="category"
                    width="284.26666666666665"
                    x="35"
                    x1="35"
                    x2="35"
                    y="289.26666666666665"
                    y1="295.26666666666665"
                    y2="289.26666666666665"
                  />
                  <text
                    class="recharts-text recharts-cartesian-axis-tick-value"
                    fill="#666"
                    height="30"
                    orientation="bottom"
                    stroke="none"
                    text-anchor="middle"
                    type="category"
                    width="284.26666666666665"
                    x="35"
                    y="297.26666666666665"
                  >
                    <tspan
                      dy="0.71em"
                      x="35"
                    >
                      Jun 21
                    </tspan>
                  </text>
                </g>
                <g
                  class="recharts-layer recharts-cartesian-axis-tick"
                >
                  <line
                    class="recharts-cartesian-axis-tick-line"
                    fill="none"
                    height="30"
                    orientation="bottom"
                    stroke="#666"
                    type="category"
                    width="284.26666666666665"
                    x="35"
                    x1="106.06666666666666"
                    x2="106.06666666666666"
                    y="289.26666666666665"
                    y1="295.26666666666665"
                    y2="289.26666666666665"
                  />
                  <text
                    class="recharts-text recharts-cartesian-axis-tick-value"
                    fill="#666"
                    height="30"
                    orientation="bottom"
                    stroke="none"
                    text-anchor="middle"
                    type="category"
                    width="284.26666666666665"
                    x="106.06666666666666"
                    y="297.26666666666665"
                  >
                    <tspan
                      dy="0.71em"
                      x="106.06666666666666"
                    >
                      Jul 21
                    </tspan>
                  </text>
                </g>
                <g
                  class="recharts-layer recharts-cartesian-axis-tick"
                >
                  <line
                    class="recharts-cartesian-axis-tick-line"
                    fill="none"
                    height="30"
                    orientation="bottom"
                    stroke="#666"
                    type="category"
                    width="284.26666666666665"
                    x="35"
                    x1="177.13333333333333"
                    x2="177.13333333333333"
                    y="289.26666666666665"
                    y1="295.26666666666665"
                    y2="289.26666666666665"
                  />
                  <text
                    class="recharts-text recharts-cartesian-axis-tick-value"
                    fill="#666"
                    height="30"
                    orientation="bottom"
                    stroke="none"
                    text-anchor="middle"
                    type="category"
                    width="284.26666666666665"
                    x="177.13333333333333"
                    y="297.26666666666665"
                  >
                    <tspan
                      dy="0.71em"
                      x="177.13333333333333"
                    >
                      Aug 21
                    </tspan>
                  </text>
                </g>
                <g
                  class="recharts-layer recharts-cartesian-axis-tick"
                >
                  <line
                    class="recharts-cartesian-axis-tick-line"
                    fill="none"
                    height="30"
                    orientation="bottom"
                    stroke="#666"
                    type="category"
                    width="284.26666666666665"
                    x="35"
                    x1="248.2"
                    x2="248.2"
                    y="289.26666666666665"
                    y1="295.26666666666665"
                    y2="289.26666666666665"
                  />
                  <text
                    class="recharts-text recharts-cartesian-axis-tick-value"
                    fill="#666"
                    height="30"
                    orientation="bottom"
                    stroke="none"
                    text-anchor="middle"
                    type="category"
                    width="284.26666666666665"
                    x="248.2"
                    y="297.26666666666665"
                  >
                    <tspan
                      dy="0.71em"
                      x="248.2"
                    >
                      Sept 21
                    </tspan>
                  </text>
                </g>
                <g
                  class="recharts-layer recharts-cartesian-axis-tick"
                >
                  <line
                    class="recharts-cartesian-axis-tick-line"
                    fill="none"
                    height="30"
                    orientation="bottom"
                    stroke="#666"
                    type="category"
                    width="284.26666666666665"
                    x="35"
                    x1="319.26666666666665"
                    x2="319.26666666666665"
                    y="289.26666666666665"
                    y1="295.26666666666665"
                    y2="289.26666666666665"
                  />
                  <text
                    class="recharts-text recharts-cartesian-axis-tick-value"
                    fill="#666"
                    height="30"
                    orientation="bottom"
                    stroke="none"
                    text-anchor="middle"
                    type="category"
                    width="284.26666666666665"
                    x="319.26666666666665"
                    y="297.26666666666665"
                  >
                    <tspan
                      dy="0.71em"
                      x="319.26666666666665"
                    >
                      Oct 21
                    </tspan>
                  </text>
                </g>
              </g>
            </g>
            <g
              class="recharts-layer recharts-cartesian-axis recharts-yAxis yAxis"
            >
              <line
                class="recharts-cartesian-axis-line"
                fill="none"
                height="284.26666666666665"
                orientation="left"
                stroke="#666"
                type="number"
                width="30"
                x="5"
                x1="35"
                x2="35"
                y="5"
                y1="5"
                y2="289.26666666666665"
              />
              <g
                class="recharts-cartesian-axis-ticks"
              >
                <g
                  class="recharts-layer recharts-cartesian-axis-tick"
                >
                  <line
                    class="recharts-cartesian-axis-tick-line"
                    fill="none"
                    height="284.26666666666665"
                    orientation="left"
                    stroke="#666"
                    type="number"
                    width="30"
                    x="5"
                    x1="29"
                    x2="35"
                    y="5"
                    y1="289.26666666666665"
                    y2="289.26666666666665"
                  />
                  <text
                    class="recharts-text recharts-cartesian-axis-tick-value"
                    fill="#666"
                    height="284.26666666666665"
                    orientation="left"
                    stroke="none"
                    text-anchor="end"
                    type="number"
                    width="30"
                    x="27"
                    y="289.26666666666665"
                  >
                    <tspan
                      dy="0.355em"
                      x="27"
                    >
                      0
                    </tspan>
                  </text>
                </g>
                <g
                  class="recharts-layer recharts-cartesian-axis-tick"
                >
                  <line
                    class="recharts-cartesian-axis-tick-line"
                    fill="none"
                    height="284.26666666666665"
                    orientation="left"
                    stroke="#666"
                    type="number"
                    width="30"
                    x="5"
                    x1="29"
                    x2="35"
                    y="5"
                    y1="218.2"
                    y2="218.2"
                  />
                  <text
                    class="recharts-text recharts-cartesian-axis-tick-value"
                    fill="#666"
                    height="284.26666666666665"
                    orientation="left"
                    stroke="none"
                    text-anchor="end"
                    type="number"
                    width="30"
                    x="27"
                    y="218.2"
                  >
                    <tspan
                      dy="0.355em"
                      x="27"
                    >
                      200
                    </tspan>
                  </text>
                </g>
                <g
                  class="recharts-layer recharts-cartesian-axis-tick"
                >
                  <line
                    class="recharts-cartesian-axis-tick-line"
                    fill="none"
                    height="284.26666666666665"
                    orientation="left"
                    stroke="#666"
                    type="number"
                    width="30"
                    x="5"
                    x1="29"
                    x2="35"
                    y="5"
                    y1="147.13333333333333"
                    y2="147.13333333333333"
                  />
                  <text
                    class="recharts-text recharts-cartesian-axis-tick-value"
                    fill="#666"
                    height="284.26666666666665"
                    orientation="left"
                    stroke="none"
                    text-anchor="end"
                    type="number"
                    width="30"
                    x="27"
                    y="147.13333333333333"
                  >
                    <tspan
                      dy="0.355em"
                      x="27"
                    >
                      400
                    </tspan>
                  </text>
                </g>
                <g
                  class="recharts-layer recharts-cartesian-axis-tick"
                >
                  <line
                    class="recharts-cartesian-axis-tick-line"
                    fill="none"
                    height="284.26666666666665"
                    orientation="left"
                    stroke="#666"
                    type="number"
                    width="30"
                    x="5"
                    x1="29"
                    x2="35"
                    y="5"
                    y1="76.06666666666666"
                    y2="76.06666666666666"
                  />
                  <text
                    class="recharts-text recharts-cartesian-axis-tick-value"
                    fill="#666"
                    height="284.26666666666665"
                    orientation="left"
                    stroke="none"
                    text-anchor="end"
                    type="number"
                    width="30"
                    x="27"
                    y="76.06666666666666"
                  >
                    <tspan
                      dy="0.355em"
                      x="27"
                    >
                      600
                    </tspan>
                  </text>
                </g>
                <g
                  class="recharts-layer recharts-cartesian-axis-tick"
                >
                  <line
                    class="recharts-cartesian-axis-tick-line"
                    fill="none"
                    height="284.26666666666665"
                    orientation="left"
                    stroke="#666"
                    type="number"
                    width="30"
                    x="5"
                    x1="29"
                    x2="35"
                    y="5"
                    y1="5"
                    y2="5"
                  />
                  <text
                    class="recharts-text recharts-cartesian-axis-tick-value"
                    fill="#666"
                    height="284.26666666666665"
                    orientation="left"
                    stroke="none"
                    text-anchor="end"
                    type="number"
                    width="30"
                    x="27"
                    y="5"
                  >
                    <tspan
                      dy="0.355em"
                      x="27"
                    >
                      800
                    </tspan>
                  </text>
                </g>
              </g>
            </g>
          </svg>
        </div>
        <p
          class="sc-iqAclL RzGxf"
        >
          With 5000+ issues logged so far, we aim to help help 100000+ citizen by the end of this year.
        </p>
      </div>
      <div
        class="sc-fujyAs fHvEao"
      >
        <div
          class="sc-pNWdM"
        >
          <h3
            class="sc-jrsJWt hMHKUZ"
          >
            5,897
          </h3>
          <p
            class="sc-kEqXSa klKWZZ"
          >
            Complaint Filed
          </p>
        </div>
        <div
          class="recharts-wrapper"
          style="position: relative; cursor: default; width: 324.26666666666665px; height: 324.26666666666665px;"
        >
          <svg
            class="recharts-surface"
            height="324.26666666666665"
            version="1.1"
            viewBox="0 0 324.26666666666665 324.26666666666665"
            width="324.26666666666665"
          >
            <defs>
              <clippath
                id="recharts7-clip"
              >
                <rect
                  height="284.26666666666665"
                  width="284.26666666666665"
                  x="35"
                  y="5"
                />
              </clippath>
            </defs>
            <g
              class="recharts-layer recharts-line"
            >
              <path
                class="recharts-curve recharts-line-curve"
                d="M35,147.13333333333333C58.68888888888888,182.66666666666666,82.37777777777778,218.2,106.06666666666666,218.2C129.75555555555556,218.2,153.44444444444443,40.53333333333333,177.13333333333333,40.53333333333333C200.82222222222222,40.53333333333333,224.5111111111111,257.28666666666663,248.2,257.28666666666663C271.88888888888886,257.28666666666663,295.5777777777778,131.14333333333332,319.26666666666665,5"
                fill="none"
                height="284.26666666666665"
                points="[object Object],[object Object],[object Object],[object Object],[object Object]"
                stroke="#8884d8"
                stroke-dasharray="0px 0px"
                stroke-width="1"
                type="monotone"
                width="284.26666666666665"
              />
            </g>
            <g
              class="recharts-layer recharts-cartesian-axis recharts-xAxis xAxis"
            >
              <line
                class="recharts-cartesian-axis-line"
                fill="none"
                height="30"
                orientation="bottom"
                stroke="#666"
                type="category"
                width="284.26666666666665"
                x="35"
                x1="35"
                x2="319.26666666666665"
                y="289.26666666666665"
                y1="289.26666666666665"
                y2="289.26666666666665"
              />
              <g
                class="recharts-cartesian-axis-ticks"
              >
                <g
                  class="recharts-layer recharts-cartesian-axis-tick"
                >
                  <line
                    class="recharts-cartesian-axis-tick-line"
                    fill="none"
                    height="30"
                    orientation="bottom"
                    stroke="#666"
                    type="category"
                    width="284.26666666666665"
                    x="35"
                    x1="35"
                    x2="35"
                    y="289.26666666666665"
                    y1="295.26666666666665"
                    y2="289.26666666666665"
                  />
                  <text
                    class="recharts-text recharts-cartesian-axis-tick-value"
                    fill="#666"
                    height="30"
                    orientation="bottom"
                    stroke="none"
                    text-anchor="middle"
                    type="category"
                    width="284.26666666666665"
                    x="35"
                    y="297.26666666666665"
                  >
                    <tspan
                      dy="0.71em"
                      x="35"
                    >
                      Jun 21
                    </tspan>
                  </text>
                </g>
                <g
                  class="recharts-layer recharts-cartesian-axis-tick"
                >
                  <line
                    class="recharts-cartesian-axis-tick-line"
                    fill="none"
                    height="30"
                    orientation="bottom"
                    stroke="#666"
                    type="category"
                    width="284.26666666666665"
                    x="35"
                    x1="106.06666666666666"
                    x2="106.06666666666666"
                    y="289.26666666666665"
                    y1="295.26666666666665"
                    y2="289.26666666666665"
                  />
                  <text
                    class="recharts-text recharts-cartesian-axis-tick-value"
                    fill="#666"
                    height="30"
                    orientation="bottom"
                    stroke="none"
                    text-anchor="middle"
                    type="category"
                    width="284.26666666666665"
                    x="106.06666666666666"
                    y="297.26666666666665"
                  >
                    <tspan
                      dy="0.71em"
                      x="106.06666666666666"
                    >
                      Jul 21
                    </tspan>
                  </text>
                </g>
                <g
                  class="recharts-layer recharts-cartesian-axis-tick"
                >
                  <line
                    class="recharts-cartesian-axis-tick-line"
                    fill="none"
                    height="30"
                    orientation="bottom"
                    stroke="#666"
                    type="category"
                    width="284.26666666666665"
                    x="35"
                    x1="177.13333333333333"
                    x2="177.13333333333333"
                    y="289.26666666666665"
                    y1="295.26666666666665"
                    y2="289.26666666666665"
                  />
                  <text
                    class="recharts-text recharts-cartesian-axis-tick-value"
                    fill="#666"
                    height="30"
                    orientation="bottom"
                    stroke="none"
                    text-anchor="middle"
                    type="category"
                    width="284.26666666666665"
                    x="177.13333333333333"
                    y="297.26666666666665"
                  >
                    <tspan
                      dy="0.71em"
                      x="177.13333333333333"
                    >
                      Aug 21
                    </tspan>
                  </text>
                </g>
                <g
                  class="recharts-layer recharts-cartesian-axis-tick"
                >
                  <line
                    class="recharts-cartesian-axis-tick-line"
                    fill="none"
                    height="30"
                    orientation="bottom"
                    stroke="#666"
                    type="category"
                    width="284.26666666666665"
                    x="35"
                    x1="248.2"
                    x2="248.2"
                    y="289.26666666666665"
                    y1="295.26666666666665"
                    y2="289.26666666666665"
                  />
                  <text
                    class="recharts-text recharts-cartesian-axis-tick-value"
                    fill="#666"
                    height="30"
                    orientation="bottom"
                    stroke="none"
                    text-anchor="middle"
                    type="category"
                    width="284.26666666666665"
                    x="248.2"
                    y="297.26666666666665"
                  >
                    <tspan
                      dy="0.71em"
                      x="248.2"
                    >
                      Sept 21
                    </tspan>
                  </text>
                </g>
                <g
                  class="recharts-layer recharts-cartesian-axis-tick"
                >
                  <line
                    class="recharts-cartesian-axis-tick-line"
                    fill="none"
                    height="30"
                    orientation="bottom"
                    stroke="#666"
                    type="category"
                    width="284.26666666666665"
                    x="35"
                    x1="319.26666666666665"
                    x2="319.26666666666665"
                    y="289.26666666666665"
                    y1="295.26666666666665"
                    y2="289.26666666666665"
                  />
                  <text
                    class="recharts-text recharts-cartesian-axis-tick-value"
                    fill="#666"
                    height="30"
                    orientation="bottom"
                    stroke="none"
                    text-anchor="middle"
                    type="category"
                    width="284.26666666666665"
                    x="319.26666666666665"
                    y="297.26666666666665"
                  >
                    <tspan
                      dy="0.71em"
                      x="319.26666666666665"
                    >
                      Oct 21
                    </tspan>
                  </text>
                </g>
              </g>
            </g>
            <g
              class="recharts-layer recharts-cartesian-axis recharts-yAxis yAxis"
            >
              <line
                class="recharts-cartesian-axis-line"
                fill="none"
                height="284.26666666666665"
                orientation="left"
                stroke="#666"
                type="number"
                width="30"
                x="5"
                x1="35"
                x2="35"
                y="5"
                y1="5"
                y2="289.26666666666665"
              />
              <g
                class="recharts-cartesian-axis-ticks"
              >
                <g
                  class="recharts-layer recharts-cartesian-axis-tick"
                >
                  <line
                    class="recharts-cartesian-axis-tick-line"
                    fill="none"
                    height="284.26666666666665"
                    orientation="left"
                    stroke="#666"
                    type="number"
                    width="30"
                    x="5"
                    x1="29"
                    x2="35"
                    y="5"
                    y1="289.26666666666665"
                    y2="289.26666666666665"
                  />
                  <text
                    class="recharts-text recharts-cartesian-axis-tick-value"
                    fill="#666"
                    height="284.26666666666665"
                    orientation="left"
                    stroke="none"
                    text-anchor="end"
                    type="number"
                    width="30"
                    x="27"
                    y="289.26666666666665"
                  >
                    <tspan
                      dy="0.355em"
                      x="27"
                    >
                      0
                    </tspan>
                  </text>
                </g>
                <g
                  class="recharts-layer recharts-cartesian-axis-tick"
                >
                  <line
                    class="recharts-cartesian-axis-tick-line"
                    fill="none"
                    height="284.26666666666665"
                    orientation="left"
                    stroke="#666"
                    type="number"
                    width="30"
                    x="5"
                    x1="29"
                    x2="35"
                    y="5"
                    y1="218.2"
                    y2="218.2"
                  />
                  <text
                    class="recharts-text recharts-cartesian-axis-tick-value"
                    fill="#666"
                    height="284.26666666666665"
                    orientation="left"
                    stroke="none"
                    text-anchor="end"
                    type="number"
                    width="30"
                    x="27"
                    y="218.2"
                  >
                    <tspan
                      dy="0.355em"
                      x="27"
                    >
                      200
                    </tspan>
                  </text>
                </g>
                <g
                  class="recharts-layer recharts-cartesian-axis-tick"
                >
                  <line
                    class="recharts-cartesian-axis-tick-line"
                    fill="none"
                    height="284.26666666666665"
                    orientation="left"
                    stroke="#666"
                    type="number"
                    width="30"
                    x="5"
                    x1="29"
                    x2="35"
                    y="5"
                    y1="147.13333333333333"
                    y2="147.13333333333333"
                  />
                  <text
                    class="recharts-text recharts-cartesian-axis-tick-value"
                    fill="#666"
                    height="284.26666666666665"
                    orientation="left"
                    stroke="none"
                    text-anchor="end"
                    type="number"
                    width="30"
                    x="27"
                    y="147.13333333333333"
                  >
                    <tspan
                      dy="0.355em"
                      x="27"
                    >
                      400
                    </tspan>
                  </text>
                </g>
                <g
                  class="recharts-layer recharts-cartesian-axis-tick"
                >
                  <line
                    class="recharts-cartesian-axis-tick-line"
                    fill="none"
                    height="284.26666666666665"
                    orientation="left"
                    stroke="#666"
                    type="number"
                    width="30"
                    x="5"
                    x1="29"
                    x2="35"
                    y="5"
                    y1="76.06666666666666"
                    y2="76.06666666666666"
                  />
                  <text
                    class="recharts-text recharts-cartesian-axis-tick-value"
                    fill="#666"
                    height="284.26666666666665"
                    orientation="left"
                    stroke="none"
                    text-anchor="end"
                    type="number"
                    width="30"
                    x="27"
                    y="76.06666666666666"
                  >
                    <tspan
                      dy="0.355em"
                      x="27"
                    >
                      600
                    </tspan>
                  </text>
                </g>
                <g
                  class="recharts-layer recharts-cartesian-axis-tick"
                >
                  <line
                    class="recharts-cartesian-axis-tick-line"
                    fill="none"
                    height="284.26666666666665"
                    orientation="left"
                    stroke="#666"
                    type="number"
                    width="30"
                    x="5"
                    x1="29"
                    x2="35"
                    y="5"
                    y1="5"
                    y2="5"
                  />
                  <text
                    class="recharts-text recharts-cartesian-axis-tick-value"
                    fill="#666"
                    height="284.26666666666665"
                    orientation="left"
                    stroke="none"
                    text-anchor="end"
                    type="number"
                    width="30"
                    x="27"
                    y="5"
                  >
                    <tspan
                      dy="0.355em"
                      x="27"
                    >
                      800
                    </tspan>
                  </text>
                </g>
              </g>
            </g>
          </svg>
        </div>
        <p
          class="sc-iqAclL RzGxf"
        >
          With 5000+ issues logged so far, we aim to help help 100000+ citizen by the end of this year.
        </p>
      </div>
    </div>
  </section>
</div>
`;
