// Jest Snapshot v1, https://goo.gl/fbAQLP

exports[`renders a message 1`] = `
<div>
  <div
    class="sc-bdnxRM bdcSGL container d-flex flex-column justify-content-center align-items-center"
  >
    <div
      class="sc-gtsrHT gIwrwT card shadow"
    >
      <div
        class="card-body"
      >
        <h5
          class="card-title"
        >
          Card title
        </h5>
        <form>
          <div
            class="form-row row"
          >
            <div
              class="form-group col-md-6"
            >
              <label
                for="inputName"
              >
                Name
              </label>
              <input
                class="form-control"
                id="inputName"
                placeholder="Name"
                type="text"
              />
            </div>
            <div
              class="form-group col-md-6"
            >
              <label
                for="inputEmail"
              >
                Email
              </label>
              <input
                class="form-control"
                id="inputEmail"
                placeholder="Email"
                type="email"
              />
            </div>
          </div>
          <div
            class="form-row row"
          >
            <div
              class="form-group col-md-6"
            >
              <label
                for="inputMobileNumber"
              >
                Mobile Number
              </label>
              <input
                class="form-control"
                id="inputMobileNumber"
                placeholder="Mobile Number"
                type="text"
              />
            </div>
            <div
              class="form-group col-md-6"
            >
              <label
                for="inputAadharNumber"
              >
                Aadhar Number
              </label>
              <input
                class="form-control"
                id="inputAadharNumber"
                placeholder="Aadhar Number"
                type="text"
              />
            </div>
          </div>
          <div
            class="form-group"
          >
            <label
              for="inputAddress"
            >
              Address
            </label>
            <input
              class="form-control"
              id="inputAddress"
              placeholder="1234 Main St"
              type="text"
            />
          </div>
          <div
            class="form-row"
          >
            <div
              class="form-group col-md-6"
            >
              <label
                for="inputCity"
              >
                City
              </label>
              <input
                class="form-control"
                id="inputCity"
                type="text"
              />
            </div>
            <div
              class="form-group col-md-4"
            >
              <label
                for="inputNagarPalika"
              >
                Nagar Palika
              </label>
              <select
                class="form-control"
                id="inputNagarPalika"
              >
                <option>
                  Choose...
                </option>
                <option
                  value="bangaluru"
                >
                  Bangaluru
                </option>
                <option
                  value="delhi"
                >
                  Delhi
                </option>
                <option
                  value="mumbai"
                >
                  Mumbai
                </option>
              </select>
            </div>
            <div
              class="form-group col-md-4"
            >
              <label
                for="inputProfession"
              >
                Profession
              </label>
              <select
                class="form-control"
                id="inputProfession"
              >
                <option>
                  Choose...
                </option>
                <option
                  value="it-professional"
                >
                  IT Professional
                </option>
                <option
                  value="government-servent"
                >
                  Government Servent
                </option>
                <option
                  value="self-employed-businessman"
                >
                  Self Employed / Businessman
                </option>
              </select>
            </div>
            <div
              class="form-group col-md-4"
            >
              <label
                for="inputGender"
              >
                Gender
              </label>
              <select
                class="form-control"
                id="inputGender"
              >
                <option>
                  Choose...
                </option>
                <option
                  value="male"
                >
                  Male
                </option>
                <option
                  value="female"
                >
                  Female
                </option>
                <option
                  value="other"
                >
                  Other
                </option>
              </select>
            </div>
            <div
              class="form-group col-md-2"
            >
              <label
                for="inputZip"
              >
                Zip
              </label>
              <input
                class="form-control"
                id="inputZip"
                type="text"
              />
            </div>
          </div>
          <button
            class="btn btn-primary"
            type="submit"
          >
            Update
          </button>
        </form>
      </div>
    </div>
  </div>
</div>
`;
